// Vitest Snapshot v1

exports[`Search component > should match the snapshot 1`] = `"<div class=\\"MuiAutocomplete-root MuiAutocomplete-hasPopupIcon css-1u49069-MuiAutocomplete-root\\" role=\\"combobox\\" aria-expanded=\\"false\\"><div class=\\"MuiFormControl-root MuiFormControl-fullWidth MuiTextField-root css-wb57ya-MuiFormControl-root-MuiTextField-root\\"><div class=\\"MuiOutlinedInput-root MuiInputBase-root MuiInputBase-colorPrimary MuiInputBase-fullWidth MuiInputBase-formControl MuiInputBase-adornedStart MuiAutocomplete-inputRoot css-8j6b76-MuiInputBase-root-MuiOutlinedInput-root\\"><div class=\\"MuiInputAdornment-root MuiInputAdornment-positionStart MuiInputAdornment-outlined MuiInputAdornment-sizeMedium css-ittuaa-MuiInputAdornment-root\\"><span class=\\"notranslate\\">​</span><svg class=\\"MuiSvgIcon-root MuiSvgIcon-fontSizeMedium css-i4bv87-MuiSvgIcon-root\\" focusable=\\"false\\" aria-hidden=\\"true\\" viewBox=\\"0 0 24 24\\" data-testid=\\"SearchIcon\\"><path d=\\"M15.5 14h-.79l-.28-.27C15.41 12.59 16 11.11 16 9.5 16 5.91 13.09 3 9.5 3S3 5.91 3 9.5 5.91 16 9.5 16c1.61 0 3.09-.59 4.23-1.57l.27.28v.79l5 4.99L20.49 19l-4.99-5zm-6 0C7.01 14 5 11.99 5 9.5S7.01 5 9.5 5 14 7.01 14 9.5 11.99 14 9.5 14z\\"></path></svg></div><input aria-invalid=\\"false\\" autocomplete=\\"off\\" placeholder=\\"Search...\\" type=\\"text\\" class=\\"MuiOutlinedInput-input MuiInputBase-input MuiInputBase-inputAdornedStart MuiAutocomplete-input MuiAutocomplete-inputFocused css-1o9s3wi-MuiInputBase-input-MuiOutlinedInput-input\\" aria-autocomplete=\\"list\\" autocapitalize=\\"none\\" spellcheck=\\"false\\" data-testid=\\"input-field\\" value=\\"\\" id=\\"mui-2\\"><fieldset aria-hidden=\\"true\\" class=\\"MuiOutlinedInput-notchedOutline css-1d3z3hw-MuiOutlinedInput-notchedOutline\\"><legend class=\\"css-nnbavb\\"><span class=\\"notranslate\\">​</span></legend></fieldset></div></div></div>"`;
