// Vitest Snapshot v1

exports[`MovieCard component > should match the snapshot 1`] = `"<div class=\\"MuiPaper-root MuiPaper-elevation MuiPaper-rounded MuiPaper-elevation0 MuiCard-root css-oyb9jb-MuiPaper-root-MuiCard-root\\"><div class=\\"MuiBox-root css-vtpeil\\"><img class=\\"MuiCardMedia-root MuiCardMedia-media MuiCardMedia-img css-o69gx8-MuiCardMedia-root\\" src=\\"https://via.placeholder.com/300x450\\" height=\\"450\\" alt=\\"green iguana\\"><div class=\\"MuiCardContent-root css-16yqspb-MuiCardContent-root\\"><h2 class=\\"MuiTypography-root MuiTypography-body1 MuiTypography-gutterBottom css-ua6pm7-MuiTypography-root\\">Disaster Movie </h2><div class=\\"css-1js6t29-MuiStack-root\\"><p class=\\"MuiTypography-root MuiTypography-body1 css-ahj2mt-MuiTypography-root\\">2008</p><div class=\\"MuiBox-root css-1ibfoaj\\"></div><p class=\\"MuiTypography-root MuiTypography-body1 css-ahj2mt-MuiTypography-root\\">PG</p><div class=\\"MuiBox-root css-1ibfoaj\\"></div><p class=\\"MuiTypography-root MuiTypography-body1 css-ahj2mt-MuiTypography-root\\">2h 7m</p></div><p class=\\"MuiTypography-root MuiTypography-body1 css-1ff1qco-MuiTypography-root\\">In Steven Spielberg's massive blockbuster, paleontologists Alan Grant (Sam Neill) and Ellie Sattler (Laura Dern) and mathematician Ian Malcolm (Jeff Goldblum) are among a select group chosen to tour an island theme park populated by dinosaurs created from prehistoric DNA. While the park's mastermind, billionaire John Hammond (Richard Attenborough), assures everyone that the facility is safe, they find out otherwise when various ferocious predators break free and go on the hunt.</p><div class=\\"css-14vtlsk-MuiStack-root\\"><div class=\\"MuiChip-root MuiChip-filled MuiChip-sizeMedium MuiChip-colorDefault MuiChip-filledDefault css-9hjqux-MuiChip-root\\"><span class=\\"MuiChip-label MuiChip-labelMedium css-6od3lo-MuiChip-label\\">comedy</span></div></div></div></div></div>"`;
